./Descriptive-statistics/uu-Boxplot-001-nl/uu-Boxplot-001-nl.Rmd:exextra[Type]: Interpretating graph, Conceptual, Case
./Descriptive-statistics/vufgb-stemandleafplot-002-nl/vufgb-stemandleafplot-002-nl.Rmd:exextra[Type]: Interpretating graph
./Descriptive-statistics/vufgb-measuresoflocation-005-nl/vufgb-measuresoflocation-005-nl.Rmd:exextra[Type]: Interpretating output, Conceptual
./Descriptive-statistics/uu-Histogram-801-nl/uu-Histogram-801-nl.Rmd:exextra[Type]: Interpretating graph
./Descriptive-statistics/uu-Percentile-005-nl/uu-Percentile-005-nl.Rmd:exextra[Type]: Interpretating output, Calculation
./Descriptive-statistics/vufgb-summarystatistics-005-en/vufgb-summarystatistics-005-en.Rmd:exextra[Type]: Interpretating graph
./Descriptive-statistics/uu-Measures-of-Location-804-nl/uu-Measures-of-Location-804-nl.Rmd:exextra[Type]: Interpretating graph
./Descriptive-statistics/vufgb-interquartilerange-004-en/vufgb-interquartilerange-004-en.Rmd:exextra[Type]: Interpretating graph
./Descriptive-statistics/eur-descriptive-409-en/eur-descriptive-409-en.Rmd:exextra[Type]: Data manipulation, Interpretating output, Calculation
./Descriptive-statistics/vufgb-variance-002-nl/vufgb-variance-002-nl.Rmd:exextra[Type]: Calculation, Interpretating output
./Descriptive-statistics/vufgb-summarystatistics-002-en/vufgb-summarystatistics-002-en.Rmd:exextra[Type]: Conceptual, Interpretating graph
./Descriptive-statistics/vufgb-boxplot-001-nl/vufgb-boxplot-001-nl.Rmd:exextra[Type]: Interpretating graph
./Descriptive-statistics/uu-Mean-004-nl/uu-Mean-004-nl.Rmd:exextra[Type]: Interpretating output
./Descriptive-statistics/vufgb-scatterplot-003-nl/vufgb-scatterplot-003-nl.Rmd:exextra[Type]: Interpretating graph
./Descriptive-statistics/vufgb-measuresoflocation-003-nl/vufgb-measuresoflocation-003-nl.Rmd:exextra[Type]: Conceptual, Interpretating graph
./Descriptive-statistics/vufgb-summarystatistics-009-nl/vufgb-summarystatistics-009-nl.Rmd:exextra[Type]: Interpretating graph, Conceptual
./Descriptive-statistics/vufgb-interquartilerange-001-en/vufgb-interquartilerange-001-en.Rmd:exextra[Type]: Interpretating graph, Calculation, Case
./Descriptive-statistics/vufgb-scatterplot-002-nl/vufgb-scatterplot-002-nl.Rmd:exextra[Type]: Interpretating graph
./Descriptive-statistics/uu-Measures of Location-800-en/uu-Measures-of-Location-800-en.Rmd:exextra[Type]: Interpretating graph
./Descriptive-statistics/vufgb-measuresoflocation-002-nl/vufgb-measuresoflocation-002-nl.Rmd:exextra[Type]: Calculation, Interpretating graph
./Descriptive-statistics/vufgb-interquartilerange-005-en/vufgb-interquartilerange-005-en.Rmd:exextra[Type]: Calculation, Interpretating graph
./Descriptive-statistics/eur-descriptive-408-en/eur-descriptive-408-en.Rmd:exextra[Type]: Data manipulation, Interpretating output
./Descriptive-statistics/vufgb-stemandleafplot-001-nl/vufgb-stemandleafplot-001-nl.Rmd:exextra[Type]: Calculation, Interpretating graph
./Descriptive-statistics/vufgb-summarystatistics-003-en/vufgb-summarystatistics-003-en.Rmd:exextra[Type]: Interpretating graph, Conceptual
./Descriptive-statistics/vufgb-bargraph-001-nl/vufgb-bargraph-001-en.Rmd:exextra[Type]: Conceptual, Interpretating graph
./Descriptive-statistics/vufgb-interquartilerange-001-nl/vufgb-interquartilerange-001-nl.Rmd:exextra[Type]: Interpretating graph, Calculation, Case
./Descriptive-statistics/uu-Range-802-nl/uu-Range-802-nl-tabel.jpg:exextra[Type]: Interpretating output
./Descriptive-statistics/vufgb-measuresoflocation-002-en/vufgb-measuresoflocation-002-en.Rmd:exextra[Type]: Calculation, Interpretating graph
./Descriptive-statistics/eur-descriptive-413-en/eur-descriptive-413-en.Rmd:exextra[Type]: Interpretating output, Performing analysis, Calculation
./Descriptive-statistics/vufgb-measuresofspread-001-en /vufgb-measuresofspread-001-en.Rmd:exextra[Type]: Interpretating graph
./Descriptive-statistics/vufgb-interquartilerange-005-nl/vufgb-interquartilerange-005-nl.Rmd:exextra[Type]: Interpretating graph
./Descriptive-statistics/vufgb-median-001-nl/vufgb-median-001-nl.Rmd:exextra[Type]: Interpretating graph
./Descriptive-statistics/vufgb-summarystatistics-003-nl/vufgb-summarystatistics-003-nl.Rmd:exextra[Type]: Interpretating graph
./Descriptive-statistics/uu-Summary-Statistics-801-nl/uu-Summary-Statistics-801-nl.Rmd:exextra[Type]: Interpretating output
./Descriptive-statistics/eur-descriptive-417-en/eur-descriptive-417-en.Rmd:exextra[Type]: Data manipulation, Interpretating output, Calculation
./Descriptive-statistics/uu-Boxplot-801-nl/uu-Boxplot-801-nl.Rmd:exextra[Type]: Interpretating graph
./Descriptive-statistics/vufgb-bargraph-001-en/vufgb-bargraph-001-en.Rmd:exextra[Type]: Conceptual, Interpretating graph
./Descriptive-statistics/vufgb-interquartilerange-004-nl/vufgb-interquartilerange-004-nl.Rmd:exextra[Type]: Interpretating graph
./Descriptive-statistics/eur-descriptive-406-en/eur-descriptive-406-en.Rmd:exextra[Type]: Data manipulation, Interpretating output
./Descriptive-statistics/vufgb-standarddeviation-010-nl/vufgb-standarddeviation-010-nl.Rmd:exextra[Type]: Interpretating graph
./Descriptive-statistics/vufgb-boxplot-001-en/vufgb-boxplot-001-en.Rmd:exextra[Type]: Interpretating graph
./Descriptive-statistics/uu-Histogram-001-nl/uu-Histogram-001-nl.Rmd:exextra[Type]: Interpretating output, Case
./Descriptive-statistics/vufgb-summarystatistics-002-nl/vufgb-summarystatistics-002-nl.Rmd:exextra[Type]: Conceptual, Interpretating graph
./Descriptive-statistics/eur-descriptive-416-en/eur-descriptive-416-en.Rmd:exextra[Type]: Data manipulation, Interpretating output, Calculation
./Descriptive-statistics/vufgb-measuresofspread-001-nl /vufgb-measuresofspread-001-nl.Rmd:exextra[Type]: Interpretating graph
./Descriptive-statistics/uu-Score-interpretation-800-nl/uu-Score-interpretation-800-nl.Rmd:exextra[Type]: Interpretating output
./Descriptive-statistics/eur-descriptive-402-en/eur-descriptive-402-en.Rmd:exextra[Type]: Data manipulation, Interpretating output, Performing analysis
./Descriptive-statistics/vufgb-summarystatistics-006-nl/vufgb-summarystatistics-006-nl.Rmd:exextra[Type]: Conceptual, Interpretating graph
./Descriptive-statistics/eur-descriptive-412-en/eur-descriptive-412-en.Rmd:exextra[Type]: Data manipulation, Interpretating output, Calculation